/* In this file there must be ascii-pictures that consist only of '@' and '-'.
   Resolutions are defined in terminal.c */

#if defined(SHAPE_LINE)

$("-----------------------------------------------------------------------------------------------------------------------------------------------------------");
$("-----------------------------------------------------------------------------------------------------------------------------------------------------------");
$("-----------------------------------------------------------------------------------------------------------------------------------------------------------");
$("-----------------------------------------------------------------------------------------------------------------------------------------------------------");
$("-----------------------------------------------------------------------------------------------------------------------------------------------------------");
$("-----------------------------------------------------------------------------------------------------------------------------------------------------------");
$("-----------------------------------------------------------------------------------------------------------------------------------------------------------");
$("-----------------------------------------------------------------------------------------------------------------------------------------------------------");
$("-----------------------------------------------------------------------------------------------------------------------------------------------------------");
$("-----------------------------------------------------------------------------------------------------------------------------------------------------------");
$("-----------------------------------------------------------------------------------------------------------------------------------------------------------");
$("-----------------------------------------------------------------------------------------------------------------------------------------------------------");
$("-----------------------------------------------------------------------------------------------------------------------------------------------------------");
$("-----------------------------------------------------------------------------------------------------------------------------------------------------------");
$("-----------------------------------------------------------------------------------------------------------------------------------------------------------");
$("-----------------------------------------------------------------------------------------------------------------------------------------------------------");
$("-----------------------------------------------------------------------------------------------------------------------------------------------------------");
$("-----------------------------------------------------------------------------------------------------------------------------------------------------------");
$("-----------------------------------------------------------------------------------------------------------------------------------------------------------");
$("-----------------------------------------------------------------------------------------------------------------------------------------------------------");
$("-----------------------------------------------------------------------------------------------------------------------------------------------------------");
$("-----------------------------------------------------------------------------------------------------------------------------------------------------------");
$("-----------------------------------------------------------------------------------------------------------------------------------------------------------");
$("-----------------------------------------------------------------------------------------------------------------------------------------------------------");
$("-----------------------------------------------------------------------------------------------------------------------------------------------------------");
$("-----------------------------------------------------------------------------------------------------------------------------------------------------------");
$("-----------------------------------------------------------------------------------------------------------------------------------------------------------");
$("-----------------------------------------------------------------------------------------------------------------------------------------------------------");
$("-----------------------------------------------------------------------------------------------------------------------------------------------------------");
$("-----------------------------------------------------------------------------------------------------------------------------------------------------------");
$("-----------------------------------------------------------------------------------------------------------------------------------------------------------");
$("-----------------------------------------------------------------------------------------------------------------------------------------------------------");
$("-----------------------------------------------------------------------------------------------------------------------------------------------------------");
$("-----------------------------------------------------------------------------------------------------------------------------------------------------------");
$("-----------------------------------------------------------------------------------------------------------------------------------------------------------");
$("-----------------------------------------------------------------------------------------------------------------------------------------------------------");
$("-----------------------------------------------------------------------------------------------------------------------------------------------------------");
$("-----------------------------------------------------------------------------------------------------------------------------------------------------------");
$("-----------------------------------------------------------------------------------------------------------------------------------------------------------");
$("-----------------------------------------------------------------------------------------------------------------------------------------------------------");
$("-----------------------------------------------------------------------------------------------------------------------------------------------------------");
$("-----------------------------------------------------------------------------------------------------------------------------------------------------------");
$("-----------------------------------------------------------------------------------------------------------------------------------------------------------");
$("-----------------------------------------------------------------------------------------------------------------------------------------------------------");
$("-----------------------------------------------------------------------------------------------------------------------------------------------------------");
$("-----------------------------------------------------------------------------------------------------------------------------------------------------------");
$("-----------------------------------------------------------------------------------------------------------------------------------------------------------");
$("-----------------------------------------------------------------------------------------------------------------------------------------------------------");
$("-----------------------------------------------------------------------------------------------------------------------------------------------------------");
$("-----------------------------------------------------------------------------------------------------------------------------------------------------------");
$("-----------------------------------------------------------------------------------------------------------------------------------------------------------");
$("-----------------------------------------------------------------------------------------------------------------------------------------------------------");
$("-----------------------------------------------------------------------------------------------------------------------------------------------------------");
$("@@@@@@@@@@@@@@@@@@@@@@@@@@@@@@@@@@@@@@@@@@@@@@@@@@@@@@@@@@@@@@@@@@@@@@@@@@@@@@@@@@@@@@@@@@@@@@@@@@@@@@@@@@@@@@@@@@@@@@@@@@@@@@@@@@@@@@@@@@@@@@@@@@@@@@@@@@@");

#elif defined(SHAPE_PHIL)

$("-----------------------------------------------------------------------------------------------------------------------------------------------------------");
$("-----------------------------------------------------------------------------------------------------------------------------------------------------------");
$("-----------------------------------------------------------------------------------------------------------------------------------------------------------");
$("-----------------------------------------------------------------------------------------------------------------------------------------------------------");
$("-----------------------------------------------------------------------------------------------------------------------------------------------------------");
$("-----------------------------------------------------------------------------------------------------------------------------------------------------------");
$("-----------------------------------------------------------------------------------------------------------------------------------------------------------");
$("-----------------------------------------------------------------------------------------------------------------------------------------------------------");
$("-----------------------------------------------------------------------------------------------------------------------------------------------------------");
$("-----------------------------------------------------------------------------------------------------------------------------------------------------------");
$("-----------------------------------------------------------------------------------------------------------------------------------------------------------");
$("-----------------------------------------------------------------------------------------------------------------------------------------------------------");
$("-----------------------------------------------------------------------------------------------------------------------------------------------------------");
$("-----------------------------------------------------------------------------------------------------------------------------------------------------------");
$("-----------------------------------------------------------------------------------------------------------------------------------------------------------");
$("-----------------------------------------------------------------------------------------------------------------------------------------------------------");
$("-----------------------------------------------------------------------------------------------------------------------------------------------------------");
$("-----------------------------------------------------------------------------------------------------------------------------------------------------------");
$("-----------------------------------------------------------------------------------------------------------------------------------------------------------");
$("-----------------------------------------------------------------------------------------------------------------------------------------------------------");
$("-----------------------------------------------------------------------------------------------------------------------------------------------------------");
$("-------------------------------------@@@@@-----------------------@@@@@-----------------------@@@@@-----------------------@@@@@-----------------------------");
$("------------------------------------@@----@---------------------@@----@---------------------@@----@---------------------@@----@----------------------------");
$("-----------------------------------@--@----@-------------------@--@@@@@@-------------------@--@----@-------------------@--@@@@@@---------------------------");
$("----------------------------------@----@----@-----------------@---@----@-------------------@---@----@-----------------@---@----@---------------------------");
$("---------------------------------@------@----@---------------@---@----@---------------------@---@----@---------------@---@----@----------------------------");
$("--------------------------------@---@@---@----@-------------@---@----@-----------------------@---@----@-------------@---@----@-----------------------------");
$("-------------------------------@---@@@@---@----@-----------@---@@@@@@-------------------------@---@----@-----------@---@----@------------------------------");
$("------------------------------@----@---@---@----@---------@----@----@-------------------------@----@----@---------@---@----@-------------------------------");
$("-----------------------------@------@---@---@----@-------@------@----@---@@@@@-------@@@@----@------@----@-------@---@----@--------------------------------");
$("----------------------------@---@@---@---@---@@@@@@-----@---@@---@----@-@@----@-----@@---@--@---@@---@----@-----@---@----@---------------------------------");
$("---------------------------@---@--@---@---@---@---@---@@---@--@---@----@--@@@@@@---@--@---@@---@--@---@@@@@@---@---@@@@@@----------------------------------");
$("---------------------------@--@----@---@--@---@@@@@---@@--@----@---@--@---@----@---@---@--@---@----@--@----@---@---@----@----------------------------------");
$("----------------------------@@@@@@@@@---@@---@----@-----@@@@@@@-@---@@---@----@-----@---@@---@----@-@@@@@@@-----@---@----@---------------------------------");
$("-------------------------------------@------@----@---------------@------@----@-------@------@----@---------------@---@----@--------------------------------");
$("--------------------------------------@----@----@-----------------@----@----@---------@----@@@@@@-----------------@---@----@-------------------------------");
$("---------------------------------------@@@@@@@@@------------------@---@----@-----------@---@----@------------------@---@----@------------------------------");
$("-----------------------------------------------------------------@---@----@-------------@---@----@------------------@---@----@-----------------------------");
$("----------------------------------------------------------------@---@----@---------------@---@----@------------------@---@----@----------------------------");
$("---------------------------------------------------------------@---@----@-----------------@---@@@@@@------------------@---@@@@@@---------------------------");
$("---------------------------------------------------------------@--@----@-------------------@--@----@-------------------@--@----@---------------------------");
$("----------------------------------------------------------------@@@@@@@---------------------@@@@@@@---------------------@@@@@@@----------------------------");
$("-----------------------------------------------------------------------------------------------------------------------------------------------------------");
$("-----------------------------------------------------------------------------------------------------------------------------------------------------------");
$("-----------------------------------------------------------------------------------------------------------------------------------------------------------");
$("-----------------------------------------------------------------------------------------------------------------------------------------------------------");
$("-----------------------------------------------------------------------------------------------------------------------------------------------------------");
$("-----------------------------------------------------------------------------------------------------------------------------------------------------------");
$("-----------------------------------------------------------------------------------------------------------------------------------------------------------");
$("-----------------------------------------------------------------------------------------------------------------------------------------------------------");
$("-----------------------------------------------------------------------------------------------------------------------------------------------------------");
$("-----------------------------------------------------------------------------------------------------------------------------------------------------------");
$("-----------------------------------------------------------------------------------------------------------------------------------------------------------");
$("-----------------------------------------------------------------------------------------------------------------------------------------------------------");

#endif
#endif
