/* In this file there must be ascii-pictures that consist only of '@' and '-'.
   Resolutions are defined in terminal.c */

#ifdef SHAPE_LINE

$("-----------------------------------------------------------------------------------------------------------------------------------------------------------");
$("-----------------------------------------------------------------------------------------------------------------------------------------------------------");
$("-----------------------------------------------------------------------------------------------------------------------------------------------------------");
$("-----------------------------------------------------------------------------------------------------------------------------------------------------------");
$("-----------------------------------------------------------------------------------------------------------------------------------------------------------");
$("-----------------------------------------------------------------------------------------------------------------------------------------------------------");
$("-----------------------------------------------------------------------------------------------------------------------------------------------------------");
$("-----------------------------------------------------------------------------------------------------------------------------------------------------------");
$("-----------------------------------------------------------------------------------------------------------------------------------------------------------");
$("-----------------------------------------------------------------------------------------------------------------------------------------------------------");
$("-----------------------------------------------------------------------------------------------------------------------------------------------------------");
$("-----------------------------------------------------------------------------------------------------------------------------------------------------------");
$("-----------------------------------------------------------------------------------------------------------------------------------------------------------");
$("-----------------------------------------------------------------------------------------------------------------------------------------------------------");
$("-----------------------------------------------------------------------------------------------------------------------------------------------------------");
$("-----------------------------------------------------------------------------------------------------------------------------------------------------------");
$("-----------------------------------------------------------------------------------------------------------------------------------------------------------");
$("-----------------------------------------------------------------------------------------------------------------------------------------------------------");
$("-----------------------------------------------------------------------------------------------------------------------------------------------------------");
$("-----------------------------------------------------------------------------------------------------------------------------------------------------------");
$("-----------------------------------------------------------------------------------------------------------------------------------------------------------");
$("-----------------------------------------------------------------------------------------------------------------------------------------------------------");
$("-----------------------------------------------------------------------------------------------------------------------------------------------------------");
$("-----------------------------------------------------------------------------------------------------------------------------------------------------------");
$("-----------------------------------------------------------------------------------------------------------------------------------------------------------");
$("-----------------------------------------------------------------------------------------------------------------------------------------------------------");
$("-----------------------------------------------------------------------------------------------------------------------------------------------------------");
$("-----------------------------------------------------------------------------------------------------------------------------------------------------------");
$("-----------------------------------------------------------------------------------------------------------------------------------------------------------");
$("-----------------------------------------------------------------------------------------------------------------------------------------------------------");
$("-----------------------------------------------------------------------------------------------------------------------------------------------------------");
$("-----------------------------------------------------------------------------------------------------------------------------------------------------------");
$("-----------------------------------------------------------------------------------------------------------------------------------------------------------");
$("-----------------------------------------------------------------------------------------------------------------------------------------------------------");
$("-----------------------------------------------------------------------------------------------------------------------------------------------------------");
$("-----------------------------------------------------------------------------------------------------------------------------------------------------------");
$("-----------------------------------------------------------------------------------------------------------------------------------------------------------");
$("-----------------------------------------------------------------------------------------------------------------------------------------------------------");
$("-----------------------------------------------------------------------------------------------------------------------------------------------------------");
$("-----------------------------------------------------------------------------------------------------------------------------------------------------------");
$("-----------------------------------------------------------------------------------------------------------------------------------------------------------");
$("-----------------------------------------------------------------------------------------------------------------------------------------------------------");
$("-----------------------------------------------------------------------------------------------------------------------------------------------------------");
$("-----------------------------------------------------------------------------------------------------------------------------------------------------------");
$("-----------------------------------------------------------------------------------------------------------------------------------------------------------");
$("-----------------------------------------------------------------------------------------------------------------------------------------------------------");
$("-----------------------------------------------------------------------------------------------------------------------------------------------------------");
$("-----------------------------------------------------------------------------------------------------------------------------------------------------------");
$("-----------------------------------------------------------------------------------------------------------------------------------------------------------");
$("-----------------------------------------------------------------------------------------------------------------------------------------------------------");
$("-----------------------------------------------------------------------------------------------------------------------------------------------------------");
$("-----------------------------------------------------------------------------------------------------------------------------------------------------------");
$("-----------------------------------------------------------------------------------------------------------------------------------------------------------");
$("@@@@@@@@@@@@@@@@@@@@@@@@@@@@@@@@@@@@@@@@@@@@@@@@@@@@@@@@@@@@@@@@@@@@@@@@@@@@@@@@@@@@@@@@@@@@@@@@@@@@@@@@@@@@@@@@@@@@@@@@@@@@@@@@@@@@@@@@@@@@@@@@@@@@@@@@@@@");

#else
#ifdef SHAPE_PHIL
$("-----------------------------------------------------------------------------------------------------------------------------------------------------------");
$("-----------------------------------------------------------------------------------------------------------------------------------------------------------");
$("-----------------------------------------------------------------------------------------------------------------------------------------------------------");
$("-----------------------------------------------------------------------------------------------------------------------------------------------------------");
$("-----------------------------------------------------------------------------------------------------------------------------------------------------------");
$("-----------------------------------------------------------------------------------------------------------------------------------------------------------");
$("-----------------------------------------------------------------------------------------------------------------------------------------------------------");
$("-----------------------------------------------------------------------------------------------------------------------------------------------------------");
$("-----------------------------------------------------------------------------------------------------------------------------------------------------------");
$("-----------------------------------------------------------------------------------------------------------------------------------------------------------");
$("-----------------------------------------------------------------------------------------------------------------------------------------------------------");
$("-----------------------------------------------------------------------------------------------------------------------------------------------------------");
$("-----------------------------------------------------------------------------------------------------------------------------------------------------------");
$("-----------------------------------------------------------------------------------------------------------------------------------------------------------");
$("-----------------------------------------------------------------------------------------------------------------------------------------------------------");
$("-----------------------------------------------------------------------------------------------------------------------------------------------------------");
$("-----------------------------------------------------------------------------------------------------------------------------------------------------------");
$("-----------------------------------------------------------------------------------------------------------------------------------------------------------");
$("-----------------------------------------------------------------------------------------------------------------------------------------------------------");
$("-----------------------------------------------------------------------------------------------------------------------------------------------------------");
$("-----------------------------------------------------------------------------------------------------------------------------------------------------------");
$("-----------------------------@@@@@-----------------------@@@@@-----------------------@@@@@-----------------------@@@@@-------------------------------------");
$("----------------------------@@----@---------------------@@----@---------------------@@----@---------------------@@----@------------------------------------");
$("---------------------------@--@----@-------------------@--@@@@@@-------------------@--@----@-------------------@--@@@@@@-----------------------------------");
$("--------------------------@----@----@-----------------@---@----@-------------------@---@----@-----------------@---@----@-----------------------------------");
$("-------------------------@------@----@---------------@---@----@---------------------@---@----@---------------@---@----@------------------------------------");
$("------------------------@---@@---@----@-------------@---@----@-----------------------@---@----@-------------@---@----@-------------------------------------");
$("-----------------------@---@@@@---@----@-----------@---@@@@@@-------------------------@---@----@-----------@---@----@--------------------------------------");
$("----------------------@----@---@---@----@---------@----@----@-------------------------@----@----@---------@---@----@---------------------------------------");
$("---------------------@------@---@---@----@-------@------@----@---@@@@@-------@@@@----@------@----@-------@---@----@----------------------------------------");
$("--------------------@---@@---@---@---@@@@@@-----@---@@---@----@-@@----@-----@@---@--@---@@---@----@-----@---@----@-----------------------------------------");
$("-------------------@---@--@---@---@---@---@---@@---@--@---@----@--@@@@@@---@--@---@@---@--@---@@@@@@---@---@@@@@@------------------------------------------");
$("-------------------@--@----@---@--@---@@@@@---@@--@----@---@--@---@----@---@---@--@---@----@--@----@---@---@----@------------------------------------------");
$("--------------------@@@@@@@@@---@@---@----@-----@@@@@@@-@---@@---@----@-----@---@@---@----@-@@@@@@@-----@---@----@-----------------------------------------");
$("-----------------------------@------@----@---------------@------@----@-------@------@----@---------------@---@----@----------------------------------------");
$("------------------------------@----@----@-----------------@----@----@---------@----@@@@@@-----------------@---@----@---------------------------------------");
$("-------------------------------@@@@@@@@@------------------@---@----@-----------@---@----@------------------@---@----@--------------------------------------");
$("---------------------------------------------------------@---@----@-------------@---@----@------------------@---@----@-------------------------------------");
$("--------------------------------------------------------@---@----@---------------@---@----@------------------@---@----@------------------------------------");
$("-------------------------------------------------------@---@----@-----------------@---@@@@@@------------------@---@@@@@@-----------------------------------");
$("-------------------------------------------------------@--@----@-------------------@--@----@-------------------@--@----@-----------------------------------");
$("--------------------------------------------------------@@@@@@@---------------------@@@@@@@---------------------@@@@@@@------------------------------------");
$("-----------------------------------------------------------------------------------------------------------------------------------------------------------");
$("-----------------------------------------------------------------------------------------------------------------------------------------------------------");
$("-----------------------------------------------------------------------------------------------------------------------------------------------------------");
$("-----------------------------------------------------------------------------------------------------------------------------------------------------------");
$("-----------------------------------------------------------------------------------------------------------------------------------------------------------");
$("-----------------------------------------------------------------------------------------------------------------------------------------------------------");
$("-----------------------------------------------------------------------------------------------------------------------------------------------------------");
$("-----------------------------------------------------------------------------------------------------------------------------------------------------------");
$("-----------------------------------------------------------------------------------------------------------------------------------------------------------");
$("-----------------------------------------------------------------------------------------------------------------------------------------------------------");
$("-----------------------------------------------------------------------------------------------------------------------------------------------------------");
$("-----------------------------------------------------------------------------------------------------------------------------------------------------------");

#endif
#endif
